<html>
<body>
<pre>
<h1>µVision Build Log</h1>
<h2>Tool Versions:</h2>
IDE-Version: ¦ÌVision V5.31.0.0
Copyright (C) 2020 ARM Ltd and ARM Germany GmbH. All rights reserved.
License Information: Hongbo Liu, T-DT, LIC=14HV2-94XZR-639MB-2L0AL-ALN2X-Z3CUL
 
Tool Versions:
Toolchain:       MDK-ARM Plus  Version: 5.31.0.0
Toolchain Path:  E:\Keil v5\ARM\ARMCC\Bin
C Compiler:      Armcc.exe V5.06 update 6 (build 750)
Assembler:       Armasm.exe V5.06 update 6 (build 750)
Linker/Locator:  ArmLink.exe V5.06 update 6 (build 750)
Library Manager: ArmAr.exe V5.06 update 6 (build 750)
Hex Converter:   FromElf.exe V5.06 update 6 (build 750)
CPU DLL:         SARMCM3.DLL V5.31.0.0
Dialog DLL:      DCM.DLL V1.17.3.0
Target DLL:      STLink\ST-LINKIII-KEIL_SWO.dll V3.0.7.0
Dialog DLL:      TCM.DLL V1.46.0.0
 
<h2>Project:</h2>
E:\Codes\PanGu_STM32\PS2_USB_Test\MDK-ARM\PS2_USB_Test.uvprojx
Project File Date:  07/28/2024

<h2>Output:</h2>
*** Using Compiler 'V5.06 update 6 (build 750)', folder: 'E:\Keil v5\ARM\ARMCC\Bin'
Rebuild target 'PS2_USB_Test'
assembling startup_stm32f103xb.s...
compiling usb_device.c...
compiling stm32f1xx_it.c...
compiling main.c...
../Drivers/Software/SPI/SPI_SoftwareSim.h(17): warning:  #1-D: last line of file ends without a newline
  #endif // !_SPI_SOFTWARESIM_H_
../Core/Src/main.c(58): warning:  #1295-D: Deprecated declaration PS2toUSB - give arg types
  void PS2toUSB();
../Core/Src/main.c: 2 warnings, 0 errors
compiling stm32f1xx_hal_flash.c...
compiling stm32f1xx_hal_pwr.c...
compiling tim.c...
compiling gpio.c...
compiling stm32f1xx_hal.c...
compiling usbd_desc.c...
compiling stm32f1xx_hal_exti.c...
compiling stm32f1xx_hal_dma.c...
compiling stm32f1xx_hal_rcc.c...
compiling stm32f1xx_hal_msp.c...
compiling stm32f1xx_hal_cortex.c...
compiling usbd_conf.c...
compiling stm32f1xx_hal_pcd_ex.c...
compiling stm32f1xx_hal_rcc_ex.c...
compiling stm32f1xx_hal_flash_ex.c...
compiling stm32f1xx_hal_gpio_ex.c...
compiling stm32f1xx_hal_gpio.c...
compiling stm32f1xx_hal_pcd.c...
compiling stm32f1xx_ll_usb.c...
compiling system_stm32f1xx.c...
compiling stm32f1xx_hal_tim_ex.c...
compiling stm32f1xx_hal_tim.c...
compiling usbd_core.c...
compiling PS2_SoftwareSim.c...
../Drivers/Software/SPI/SPI_SoftwareSim.h(17): warning:  #1-D: last line of file ends without a newline
  #endif // !_SPI_SOFTWARESIM_H_
..\Drivers\Software\PS2\PS2_SoftwareSim.c(35): warning:  #1-D: last line of file ends without a newline
  }
..\Drivers\Software\PS2\PS2_SoftwareSim.c: 2 warnings, 0 errors
compiling SPI_SoftwareSim.c...
..\Drivers\Software\SPI\SPI_SoftwareSim.h(17): warning:  #1-D: last line of file ends without a newline
  #endif // !_SPI_SOFTWARESIM_H_
..\Drivers\Software\SPI\SPI_SoftwareSim.c(27): warning:  #188-D: enumerated type mixed with another type
              HAL_GPIO_WritePin(GPIOA, GPIO_PIN_7, ((uint8_t) * (TxData + i) >> j) & 0x01);
..\Drivers\Software\SPI\SPI_SoftwareSim.c(36): warning:  #1-D: last line of file ends without a newline
  }
..\Drivers\Software\SPI\SPI_SoftwareSim.c: 3 warnings, 0 errors
compiling CLKDelay.c...
..\Drivers\Software\CLKDelay\CLKDelay.c(22): warning:  #1-D: last line of file ends without a newline
  }
..\Drivers\Software\CLKDelay\CLKDelay.c: 1 warning, 0 errors
compiling usbd_ioreq.c...
compiling usbd_ctlreq.c...
compiling usbd_hid.c...
linking...
Program Size: Code=14428 RO-data=304 RW-data=340 ZI-data=3716  
FromELF: creating hex file...
"PS2_USB_Test\PS2_USB_Test.axf" - 0 Error(s), 8 Warning(s).

<h2>Software Packages used:</h2>

Package Vendor: ARM
                http://www.keil.com/pack/ARM.CMSIS.5.7.0.pack
                ARM.CMSIS.5.7.0
                CMSIS (Cortex Microcontroller Software Interface Standard)
   * Component: CORE Version: 5.4.0

Package Vendor: Keil
                http://www.keil.com/pack/Keil.STM32F1xx_DFP.2.3.0.pack
                Keil.STM32F1xx_DFP.2.3.0
                STMicroelectronics STM32F1 Series Device Support, Drivers and Examples

<h2>Collection of Component include folders:</h2>
  .\RTE\_PS2_USB_Test
  E:\Packs\ARM\CMSIS\5.7.0\CMSIS\Core\Include
  E:\Packs\Keil\STM32F1xx_DFP\2.3.0\Device\Include

<h2>Collection of Component Files used:</h2>

   * Component: ARM::CMSIS:CORE:5.4.0
      Include file:  CMSIS\Core\Include\tz_context.h
Build Time Elapsed:  00:00:03
</pre>
</body>
</html>
