<html>
<body>
<pre>
<h1>µVision Build Log</h1>
<h2>Tool Versions:</h2>
IDE-Version: ¦ÌVision V5.41.0.0
Copyright (C) 2024 ARM Ltd and ARM Germany GmbH. All rights reserved.
License Information: Hongbo Liu
PanGu
User-based license: Keil MDK Community (non-commercial free of charge)
Valid until: Jun 1 2033. Cached until: Sep 15 2025
 
Tool Versions:
Toolchain:       Keil MDK Community (non-commercial free of charge  Version: 5.41.0.0
Toolchain Path:  E:\Keil v5\ARM\ARMCC\Bin
C Compiler:      Armcc.exe V5.06 update 7 (build 960)
Assembler:       Armasm.exe V5.06 update 7 (build 960)
Linker/Locator:  ArmLink.exe V5.06 update 7 (build 960)
Library Manager: ArmAr.exe V5.06 update 7 (build 960)
Hex Converter:   FromElf.exe V5.06 update 7 (build 960)
CPU DLL:         SARMCM3.DLL V5.41.0.0
Dialog DLL:      DCM.DLL V1.17.5.0
Target DLL:      STLink\ST-LINKIII-KEIL_SWO.dll V3.3.0.0
Dialog DLL:      TCM.DLL V1.56.4.0
 
<h2>Project:</h2>
E:\Codes\PS2_Joystick_Driver\MDK-ARM\PS2_USB_Test.uvprojx
Project File Date:  09/08/2025

<h2>Output:</h2>
*** Warning: The configured compiler version '5.06 update 7 (build 960)' does not support the selected User Based Licensing technology.
*** Using Compiler 'V5.06 update 7 (build 960)', folder: 'E:\Keil v5\ARM\ARMCC\Bin'
Build target 'PS2_USB_Test'
compiling stm32f1xx_hal_rcc.c...
compiling stm32f1xx_hal_exti.c...
compiling gpio.c...
compiling stm32f1xx_hal_dma.c...
compiling stm32f1xx_hal_cortex.c...
compiling stm32f1xx_hal_pcd.c...
compiling stm32f1xx_hal_pwr.c...
compiling usbd_desc.c...
compiling stm32f1xx_hal_flash_ex.c...
compiling stm32f1xx_hal_rcc_ex.c...
compiling stm32f1xx_hal_gpio.c...
compiling stm32f1xx_ll_usb.c...
compiling tim.c...
compiling usb_device.c...
compiling stm32f1xx_hal_flash.c...
compiling stm32f1xx_hal_pcd_ex.c...
compiling stm32f1xx_hal_tim.c...
compiling stm32f1xx_hal_gpio_ex.c...
compiling main.c...
..\Drivers\Software\Delay\delay.h(11): warning:  #1-D: last line of file ends without a newline
  #endif
../Drivers/Software/SPI/SPI_SoftwareSim.h(17): warning:  #1-D: last line of file ends without a newline
  #endif // !_SPI_SOFTWARESIM_H_
../Core/Src/main.c(58): warning:  #1295-D: Deprecated declaration PS2toUSB - give arg types
  void PS2toUSB();
../Core/Src/main.c: 3 warnings, 0 errors
compiling stm32f1xx_it.c...
compiling stm32f1xx_hal_msp.c...
compiling stm32f1xx_hal.c...
compiling usbd_conf.c...
compiling stm32f1xx_hal_tim_ex.c...
compiling system_stm32f1xx.c...
compiling usbd_core.c...
compiling SPI_SoftwareSim.c...
..\Drivers\Software\Delay\delay.h(11): warning:  #1-D: last line of file ends without a newline
  #endif
..\Drivers\Software\SPI\SPI_SoftwareSim.h(17): warning:  #1-D: last line of file ends without a newline
  #endif // !_SPI_SOFTWARESIM_H_
..\Drivers\Software\SPI\SPI_SoftwareSim.c(27): warning:  #188-D: enumerated type mixed with another type
              HAL_GPIO_WritePin(GPIOA, GPIO_PIN_7, ((uint8_t) * (TxData + i) >> j) & 0x01);
..\Drivers\Software\SPI\SPI_SoftwareSim.c(37): warning:  #1-D: last line of file ends without a newline
  }
..\Drivers\Software\SPI\SPI_SoftwareSim.c: 4 warnings, 0 errors
compiling PS2_SoftwareSim.c...
..\Drivers\Software\Delay\delay.h(11): warning:  #1-D: last line of file ends without a newline
  #endif
../Drivers/Software/SPI/SPI_SoftwareSim.h(17): warning:  #1-D: last line of file ends without a newline
  #endif // !_SPI_SOFTWARESIM_H_
..\Drivers\Software\PS2\PS2_SoftwareSim.c(39): warning:  #1-D: last line of file ends without a newline
  }
..\Drivers\Software\PS2\PS2_SoftwareSim.c: 3 warnings, 0 errors
compiling usbd_ioreq.c...
compiling usbd_hid.c...
compiling usbd_ctlreq.c...
compiling delay.c...
..\Drivers\Software\Delay\delay.h(11): warning:  #1-D: last line of file ends without a newline
  #endif
..\Drivers\Software\Delay\delay.c(11): warning:  #1-D: last line of file ends without a newline
  }
..\Drivers\Software\Delay\delay.c: 2 warnings, 0 errors
linking...
Program Size: Code=14332 RO-data=304 RW-data=340 ZI-data=3716  
FromELF: creating hex file...
"PS2_USB_Test\PS2_USB_Test.axf" - 0 Error(s), 12 Warning(s).

<h2>Software Packages used:</h2>

Package Vendor: ARM
                https://www.keil.com/pack/ARM.CMSIS.6.1.0.pack
                ARM::CMSIS@6.1.0
                CMSIS (Common Microcontroller Software Interface Standard)
   * Component: CORE Version: 6.1.0

Package Vendor: Keil
                https://www.keil.com/pack/Keil.STM32F1xx_DFP.2.4.1.pack
                Keil::STM32F1xx_DFP@2.4.1
                STMicroelectronics STM32F1 Series Device Support, Drivers and Examples

<h2>Collection of Component include folders:</h2>
  ./RTE/_PS2_USB_Test
  E:/Keil v5/ARM/CMSIS/6.1.0/CMSIS/Core/Include
  E:/Keil v5/Keil/STM32F1xx_DFP/2.4.1/Device/Include

<h2>Collection of Component Files used:</h2>

   * Component: ARM::CMSIS:CORE@6.1.0
      Include file:  CMSIS/Core/Include/tz_context.h
Build Time Elapsed:  00:02:53
</pre>
</body>
</html>
